=== PASS: OB-301-ACC-001000
=== PASS: OB-301-ACC-100000
=== PASS: OB-301-ACC-100200
=== PASS: OB-301-ACC-100300
=== PASS: OB-301-ACC-100400
=== PASS: OB-301-ACC-100500
=== PASS: OB-301-ACC-100600
=== PASS: OB-301-ACC-100700
=== PASS: OB-301-ACC-100800
=== PASS: OB-301-ACC-101000
=== PASS: OB-301-ACC-101100
=== PASS: OB-301-ACC-101101
=== PASS: OB-301-BAL-101200
=== PASS: OB-301-BAL-101300
=== PASS: OB-301-BAL-101400
=== PASS: OB-301-BAL-101500
